error(DebugAllocator): memory address 0x7f358d6c0620 leaked: 
/usr/lib/zig/std/mem/Allocator.zig:454:40: 0x10b465e in dupe__anon_8446 (std.zig)
    const new_buf = try allocator.alloc(T, m.len);
                                       ^
/home/justin/git/nix-torrent/src/daemon.zig:597:71: 0x16f8ab2 in buildTrackerRecords (daemon.zig)
    for (urls, 0..) |url, i| records[i] = .{ .url = try allocator.dupe(u8, url) };
                                                                      ^
/home/justin/git/nix-torrent/src/daemon.zig:497:52: 0x16f98ab in addMagnet (daemon.zig)
    const tracker_records = try buildTrackerRecords(daemon.allocator, parsed.tracker_urls);
                                                   ^
/home/justin/git/nix-torrent/src/daemon.zig:470:66: 0x16fb5da in addTorrent (daemon.zig)
    if (std.mem.startsWith(u8, path, "magnet:")) return addMagnet(daemon, path);
                                                                 ^
/home/justin/git/nix-torrent/src/daemon.zig:253:31: 0x16fe665 in handleMutateLocked (daemon.zig)
        .add => try addTorrent(daemon, req.argument orelse return .{ .failure = .{ .code = .invalid_arguments, .message = "torrent file or magnet URI argument is required" } }),
                              ^
/home/justin/git/nix-torrent/src/daemon.zig:239:40: 0x16feb2a in handleWorkerCmd (daemon.zig)
    const response = handleMutateLocked(daemon, req) catch |err| protocol.Response{
                                       ^
(additional stack frames may have been skipped...)

error(DebugAllocator): memory address 0x7f358d700ac0 leaked: 
/usr/lib/zig/std/mem/Allocator.zig:454:40: 0x10b465e in dupe__anon_8446 (std.zig)
    const new_buf = try allocator.alloc(T, m.len);
                                       ^
/home/justin/git/nix-torrent/src/daemon.zig:597:71: 0x16f8ab2 in buildTrackerRecords (daemon.zig)
    for (urls, 0..) |url, i| records[i] = .{ .url = try allocator.dupe(u8, url) };
                                                                      ^
/home/justin/git/nix-torrent/src/daemon.zig:497:52: 0x16f98ab in addMagnet (daemon.zig)
    const tracker_records = try buildTrackerRecords(daemon.allocator, parsed.tracker_urls);
                                                   ^
/home/justin/git/nix-torrent/src/daemon.zig:470:66: 0x16fb5da in addTorrent (daemon.zig)
    if (std.mem.startsWith(u8, path, "magnet:")) return addMagnet(daemon, path);
                                                                 ^
/home/justin/git/nix-torrent/src/daemon.zig:253:31: 0x16fe665 in handleMutateLocked (daemon.zig)
        .add => try addTorrent(daemon, req.argument orelse return .{ .failure = .{ .code = .invalid_arguments, .message = "torrent file or magnet URI argument is required" } }),
                              ^
/home/justin/git/nix-torrent/src/daemon.zig:239:40: 0x16feb2a in handleWorkerCmd (daemon.zig)
    const response = handleMutateLocked(daemon, req) catch |err| protocol.Response{
                                       ^
(additional stack frames may have been skipped...)

error(DebugAllocator): memory address 0x7f358d700b00 leaked: 
/usr/lib/zig/std/mem/Allocator.zig:454:40: 0x10b465e in dupe__anon_8446 (std.zig)
    const new_buf = try allocator.alloc(T, m.len);
                                       ^
/home/justin/git/nix-torrent/src/daemon.zig:597:71: 0x16f8ab2 in buildTrackerRecords (daemon.zig)
    for (urls, 0..) |url, i| records[i] = .{ .url = try allocator.dupe(u8, url) };
                                                                      ^
/home/justin/git/nix-torrent/src/daemon.zig:497:52: 0x16f98ab in addMagnet (daemon.zig)
    const tracker_records = try buildTrackerRecords(daemon.allocator, parsed.tracker_urls);
                                                   ^
/home/justin/git/nix-torrent/src/daemon.zig:470:66: 0x16fb5da in addTorrent (daemon.zig)
    if (std.mem.startsWith(u8, path, "magnet:")) return addMagnet(daemon, path);
                                                                 ^
/home/justin/git/nix-torrent/src/daemon.zig:253:31: 0x16fe665 in handleMutateLocked (daemon.zig)
        .add => try addTorrent(daemon, req.argument orelse return .{ .failure = .{ .code = .invalid_arguments, .message = "torrent file or magnet URI argument is required" } }),
                              ^
/home/justin/git/nix-torrent/src/daemon.zig:239:40: 0x16feb2a in handleWorkerCmd (daemon.zig)
    const response = handleMutateLocked(daemon, req) catch |err| protocol.Response{
                                       ^
(additional stack frames may have been skipped...)

error(DebugAllocator): memory address 0x7f358d700b40 leaked: 
/usr/lib/zig/std/mem/Allocator.zig:454:40: 0x10b465e in dupe__anon_8446 (std.zig)
    const new_buf = try allocator.alloc(T, m.len);
                                       ^
/home/justin/git/nix-torrent/src/daemon.zig:597:71: 0x16f8ab2 in buildTrackerRecords (daemon.zig)
    for (urls, 0..) |url, i| records[i] = .{ .url = try allocator.dupe(u8, url) };
                                                                      ^
/home/justin/git/nix-torrent/src/daemon.zig:497:52: 0x16f98ab in addMagnet (daemon.zig)
    const tracker_records = try buildTrackerRecords(daemon.allocator, parsed.tracker_urls);
                                                   ^
/home/justin/git/nix-torrent/src/daemon.zig:470:66: 0x16fb5da in addTorrent (daemon.zig)
    if (std.mem.startsWith(u8, path, "magnet:")) return addMagnet(daemon, path);
                                                                 ^
/home/justin/git/nix-torrent/src/daemon.zig:253:31: 0x16fe665 in handleMutateLocked (daemon.zig)
        .add => try addTorrent(daemon, req.argument orelse return .{ .failure = .{ .code = .invalid_arguments, .message = "torrent file or magnet URI argument is required" } }),
                              ^
/home/justin/git/nix-torrent/src/daemon.zig:239:40: 0x16feb2a in handleWorkerCmd (daemon.zig)
    const response = handleMutateLocked(daemon, req) catch |err| protocol.Response{
                                       ^
(additional stack frames may have been skipped...)

error(DebugAllocator): memory address 0x7f358d700b80 leaked: 
/usr/lib/zig/std/mem/Allocator.zig:454:40: 0x10b465e in dupe__anon_8446 (std.zig)
    const new_buf = try allocator.alloc(T, m.len);
                                       ^
/home/justin/git/nix-torrent/src/daemon.zig:597:71: 0x16f8ab2 in buildTrackerRecords (daemon.zig)
    for (urls, 0..) |url, i| records[i] = .{ .url = try allocator.dupe(u8, url) };
                                                                      ^
/home/justin/git/nix-torrent/src/daemon.zig:497:52: 0x16f98ab in addMagnet (daemon.zig)
    const tracker_records = try buildTrackerRecords(daemon.allocator, parsed.tracker_urls);
                                                   ^
/home/justin/git/nix-torrent/src/daemon.zig:470:66: 0x16fb5da in addTorrent (daemon.zig)
    if (std.mem.startsWith(u8, path, "magnet:")) return addMagnet(daemon, path);
                                                                 ^
/home/justin/git/nix-torrent/src/daemon.zig:253:31: 0x16fe665 in handleMutateLocked (daemon.zig)
        .add => try addTorrent(daemon, req.argument orelse return .{ .failure = .{ .code = .invalid_arguments, .message = "torrent file or magnet URI argument is required" } }),
                              ^
/home/justin/git/nix-torrent/src/daemon.zig:239:40: 0x16feb2a in handleWorkerCmd (daemon.zig)
    const response = handleMutateLocked(daemon, req) catch |err| protocol.Response{
                                       ^
(additional stack frames may have been skipped...)

error(DebugAllocator): memory address 0x7f358d700bc0 leaked: 
/usr/lib/zig/std/mem/Allocator.zig:454:40: 0x10b465e in dupe__anon_8446 (std.zig)
    const new_buf = try allocator.alloc(T, m.len);
                                       ^
/home/justin/git/nix-torrent/src/daemon.zig:597:71: 0x16f8ab2 in buildTrackerRecords (daemon.zig)
    for (urls, 0..) |url, i| records[i] = .{ .url = try allocator.dupe(u8, url) };
                                                                      ^
/home/justin/git/nix-torrent/src/daemon.zig:497:52: 0x16f98ab in addMagnet (daemon.zig)
    const tracker_records = try buildTrackerRecords(daemon.allocator, parsed.tracker_urls);
                                                   ^
/home/justin/git/nix-torrent/src/daemon.zig:470:66: 0x16fb5da in addTorrent (daemon.zig)
    if (std.mem.startsWith(u8, path, "magnet:")) return addMagnet(daemon, path);
                                                                 ^
/home/justin/git/nix-torrent/src/daemon.zig:253:31: 0x16fe665 in handleMutateLocked (daemon.zig)
        .add => try addTorrent(daemon, req.argument orelse return .{ .failure = .{ .code = .invalid_arguments, .message = "torrent file or magnet URI argument is required" } }),
                              ^
/home/justin/git/nix-torrent/src/daemon.zig:239:40: 0x16feb2a in handleWorkerCmd (daemon.zig)
    const response = handleMutateLocked(daemon, req) catch |err| protocol.Response{
                                       ^
(additional stack frames may have been skipped...)

error(DebugAllocator): memory address 0x7f358d700c00 leaked: 
/usr/lib/zig/std/mem/Allocator.zig:454:40: 0x10b465e in dupe__anon_8446 (std.zig)
    const new_buf = try allocator.alloc(T, m.len);
                                       ^
/home/justin/git/nix-torrent/src/daemon.zig:597:71: 0x16f8ab2 in buildTrackerRecords (daemon.zig)
    for (urls, 0..) |url, i| records[i] = .{ .url = try allocator.dupe(u8, url) };
                                                                      ^
/home/justin/git/nix-torrent/src/daemon.zig:497:52: 0x16f98ab in addMagnet (daemon.zig)
    const tracker_records = try buildTrackerRecords(daemon.allocator, parsed.tracker_urls);
                                                   ^
/home/justin/git/nix-torrent/src/daemon.zig:470:66: 0x16fb5da in addTorrent (daemon.zig)
    if (std.mem.startsWith(u8, path, "magnet:")) return addMagnet(daemon, path);
                                                                 ^
/home/justin/git/nix-torrent/src/daemon.zig:253:31: 0x16fe665 in handleMutateLocked (daemon.zig)
        .add => try addTorrent(daemon, req.argument orelse return .{ .failure = .{ .code = .invalid_arguments, .message = "torrent file or magnet URI argument is required" } }),
                              ^
/home/justin/git/nix-torrent/src/daemon.zig:239:40: 0x16feb2a in handleWorkerCmd (daemon.zig)
    const response = handleMutateLocked(daemon, req) catch |err| protocol.Response{
                                       ^
(additional stack frames may have been skipped...)

error(DebugAllocator): memory address 0x7f358d700c40 leaked: 
/usr/lib/zig/std/mem/Allocator.zig:454:40: 0x10b465e in dupe__anon_8446 (std.zig)
    const new_buf = try allocator.alloc(T, m.len);
                                       ^
/home/justin/git/nix-torrent/src/daemon.zig:597:71: 0x16f8ab2 in buildTrackerRecords (daemon.zig)
    for (urls, 0..) |url, i| records[i] = .{ .url = try allocator.dupe(u8, url) };
                                                                      ^
/home/justin/git/nix-torrent/src/daemon.zig:497:52: 0x16f98ab in addMagnet (daemon.zig)
    const tracker_records = try buildTrackerRecords(daemon.allocator, parsed.tracker_urls);
                                                   ^
/home/justin/git/nix-torrent/src/daemon.zig:470:66: 0x16fb5da in addTorrent (daemon.zig)
    if (std.mem.startsWith(u8, path, "magnet:")) return addMagnet(daemon, path);
                                                                 ^
/home/justin/git/nix-torrent/src/daemon.zig:253:31: 0x16fe665 in handleMutateLocked (daemon.zig)
        .add => try addTorrent(daemon, req.argument orelse return .{ .failure = .{ .code = .invalid_arguments, .message = "torrent file or magnet URI argument is required" } }),
                              ^
/home/justin/git/nix-torrent/src/daemon.zig:239:40: 0x16feb2a in handleWorkerCmd (daemon.zig)
    const response = handleMutateLocked(daemon, req) catch |err| protocol.Response{
                                       ^
(additional stack frames may have been skipped...)

error(DebugAllocator): memory address 0x7f358d701240 leaked: 
/home/justin/git/nix-torrent/src/dht.zig:153:48: 0x12ce8e0 in tick (daemon.zig)
            var converted = try allocator.alloc(BootstrapTarget, slice.len);
                                               ^
/home/justin/git/nix-torrent/src/peer_pool.zig:213:36: 0x12d0f6d in tickDht (daemon.zig)
    const dht_peers = try sock.tick(io, allocator, ctx.routing, ctx.cfg, session.info_hash, now_ms, session.announce_port);
                                   ^
/home/justin/git/nix-torrent/src/metadata_fetch.zig:36:26: 0x12d1333 in tickDht (daemon.zig)
    try peer_pool.tickDht(allocator, io, cfg, session, ctx, peer_id, now_ms, .metadata);
                         ^
/home/justin/git/nix-torrent/src/session.zig:136:52: 0x12e20a7 in tickMetadata (daemon.zig)
    if (world.dht) |ctx| try metadata_fetch.tickDht(world.allocator, world.io, world.cfg, session, ctx, world.peer_id, world.now_ms);
                                                   ^
/home/justin/git/nix-torrent/src/session.zig:110:25: 0x12e904a in tick (daemon.zig)
        try tickMetadata(session, world, rec);
                        ^
/home/justin/git/nix-torrent/src/engine.zig:215:37: 0x12ef320 in tick (daemon.zig)
            switch (try session.tick(sess, world, rec)) {
                                    ^
(additional stack frames may have been skipped...)

error(DebugAllocator): memory address 0x7f358c3c0000 leaked: 
/home/justin/git/nix-torrent/src/dht.zig:153:48: 0x12ce8e0 in tick (daemon.zig)
            var converted = try allocator.alloc(BootstrapTarget, slice.len);
                                               ^
/home/justin/git/nix-torrent/src/peer_pool.zig:213:36: 0x12d0f6d in tickDht (daemon.zig)
    const dht_peers = try sock.tick(io, allocator, ctx.routing, ctx.cfg, session.info_hash, now_ms, session.announce_port);
                                   ^
/home/justin/git/nix-torrent/src/metadata_fetch.zig:36:26: 0x12d1333 in tickDht (daemon.zig)
    try peer_pool.tickDht(allocator, io, cfg, session, ctx, peer_id, now_ms, .metadata);
                         ^
/home/justin/git/nix-torrent/src/session.zig:136:52: 0x12e20a7 in tickMetadata (daemon.zig)
    if (world.dht) |ctx| try metadata_fetch.tickDht(world.allocator, world.io, world.cfg, session, ctx, world.peer_id, world.now_ms);
                                                   ^
/home/justin/git/nix-torrent/src/session.zig:110:25: 0x12e904a in tick (daemon.zig)
        try tickMetadata(session, world, rec);
                        ^
/home/justin/git/nix-torrent/src/engine.zig:215:37: 0x12ef320 in tick (daemon.zig)
            switch (try session.tick(sess, world, rec)) {
                                    ^
(additional stack frames may have been skipped...)

error(DebugAllocator): memory address 0x7f358c4e0000 leaked: 
/home/justin/git/nix-torrent/src/dht.zig:153:48: 0x12ce8e0 in tick (daemon.zig)
            var converted = try allocator.alloc(BootstrapTarget, slice.len);
                                               ^
/home/justin/git/nix-torrent/src/peer_pool.zig:213:36: 0x12d0f6d in tickDht (daemon.zig)
    const dht_peers = try sock.tick(io, allocator, ctx.routing, ctx.cfg, session.info_hash, now_ms, session.announce_port);
                                   ^
/home/justin/git/nix-torrent/src/metadata_fetch.zig:36:26: 0x12d1333 in tickDht (daemon.zig)
    try peer_pool.tickDht(allocator, io, cfg, session, ctx, peer_id, now_ms, .metadata);
                         ^
/home/justin/git/nix-torrent/src/session.zig:136:52: 0x12e20a7 in tickMetadata (daemon.zig)
    if (world.dht) |ctx| try metadata_fetch.tickDht(world.allocator, world.io, world.cfg, session, ctx, world.peer_id, world.now_ms);
                                                   ^
/home/justin/git/nix-torrent/src/session.zig:110:25: 0x12e904a in tick (daemon.zig)
        try tickMetadata(session, world, rec);
                        ^
/home/justin/git/nix-torrent/src/engine.zig:215:37: 0x12ef320 in tick (daemon.zig)
            switch (try session.tick(sess, world, rec)) {
                                    ^
(additional stack frames may have been skipped...)

error(DebugAllocator): memory address 0x7f358d620000 leaked: 
/home/justin/git/nix-torrent/src/dht.zig:153:48: 0x12ce8e0 in tick (daemon.zig)
            var converted = try allocator.alloc(BootstrapTarget, slice.len);
                                               ^
/home/justin/git/nix-torrent/src/peer_pool.zig:213:36: 0x12d0f6d in tickDht (daemon.zig)
    const dht_peers = try sock.tick(io, allocator, ctx.routing, ctx.cfg, session.info_hash, now_ms, session.announce_port);
                                   ^
/home/justin/git/nix-torrent/src/metadata_fetch.zig:36:26: 0x12d1333 in tickDht (daemon.zig)
    try peer_pool.tickDht(allocator, io, cfg, session, ctx, peer_id, now_ms, .metadata);
                         ^
/home/justin/git/nix-torrent/src/session.zig:136:52: 0x12e20a7 in tickMetadata (daemon.zig)
    if (world.dht) |ctx| try metadata_fetch.tickDht(world.allocator, world.io, world.cfg, session, ctx, world.peer_id, world.now_ms);
                                                   ^
/home/justin/git/nix-torrent/src/session.zig:110:25: 0x12e904a in tick (daemon.zig)
        try tickMetadata(session, world, rec);
                        ^
/home/justin/git/nix-torrent/src/engine.zig:215:37: 0x12ef320 in tick (daemon.zig)
            switch (try session.tick(sess, world, rec)) {
                                    ^
(additional stack frames may have been skipped...)

error(DebugAllocator): memory address 0x7f358c460000 leaked: 
/home/justin/git/nix-torrent/src/dht.zig:153:48: 0x12ce8e0 in tick (daemon.zig)
            var converted = try allocator.alloc(BootstrapTarget, slice.len);
                                               ^
/home/justin/git/nix-torrent/src/peer_pool.zig:213:36: 0x12d0f6d in tickDht (daemon.zig)
    const dht_peers = try sock.tick(io, allocator, ctx.routing, ctx.cfg, session.info_hash, now_ms, session.announce_port);
                                   ^
/home/justin/git/nix-torrent/src/metadata_fetch.zig:36:26: 0x12d1333 in tickDht (daemon.zig)
    try peer_pool.tickDht(allocator, io, cfg, session, ctx, peer_id, now_ms, .metadata);
                         ^
/home/justin/git/nix-torrent/src/session.zig:136:52: 0x12e20a7 in tickMetadata (daemon.zig)
    if (world.dht) |ctx| try metadata_fetch.tickDht(world.allocator, world.io, world.cfg, session, ctx, world.peer_id, world.now_ms);
                                                   ^
/home/justin/git/nix-torrent/src/session.zig:110:25: 0x12e904a in tick (daemon.zig)
        try tickMetadata(session, world, rec);
                        ^
/home/justin/git/nix-torrent/src/engine.zig:215:37: 0x12ef320 in tick (daemon.zig)
            switch (try session.tick(sess, world, rec)) {
                                    ^
(additional stack frames may have been skipped...)

error(DebugAllocator): memory address 0x7f358c200000 leaked: 
/home/justin/git/nix-torrent/src/dht.zig:153:48: 0x12ce8e0 in tick (daemon.zig)
            var converted = try allocator.alloc(BootstrapTarget, slice.len);
                                               ^
/home/justin/git/nix-torrent/src/peer_pool.zig:213:36: 0x12d0f6d in tickDht (daemon.zig)
    const dht_peers = try sock.tick(io, allocator, ctx.routing, ctx.cfg, session.info_hash, now_ms, session.announce_port);
                                   ^
/home/justin/git/nix-torrent/src/metadata_fetch.zig:36:26: 0x12d1333 in tickDht (daemon.zig)
    try peer_pool.tickDht(allocator, io, cfg, session, ctx, peer_id, now_ms, .metadata);
                         ^
/home/justin/git/nix-torrent/src/session.zig:136:52: 0x12e20a7 in tickMetadata (daemon.zig)
    if (world.dht) |ctx| try metadata_fetch.tickDht(world.allocator, world.io, world.cfg, session, ctx, world.peer_id, world.now_ms);
                                                   ^
/home/justin/git/nix-torrent/src/session.zig:110:25: 0x12e904a in tick (daemon.zig)
        try tickMetadata(session, world, rec);
                        ^
/home/justin/git/nix-torrent/src/engine.zig:215:37: 0x12ef320 in tick (daemon.zig)
            switch (try session.tick(sess, world, rec)) {
                                    ^
(additional stack frames may have been skipped...)

error(DebugAllocator): memory address 0x7f358d6e0e00 leaked: 
/usr/lib/zig/std/mem/Allocator.zig:454:40: 0x10b465e in dupe__anon_8446 (std.zig)
    const new_buf = try allocator.alloc(T, m.len);
                                       ^
/home/justin/git/nix-torrent/src/daemon.zig:494:66: 0x16f963b in addMagnet (daemon.zig)
    const name = if (parsed.display_name) |dn| try allocator.dupe(u8, dn) else try allocator.dupe(u8, hex);
                                                                 ^
/home/justin/git/nix-torrent/src/daemon.zig:470:66: 0x16fb5da in addTorrent (daemon.zig)
    if (std.mem.startsWith(u8, path, "magnet:")) return addMagnet(daemon, path);
                                                                 ^
/home/justin/git/nix-torrent/src/daemon.zig:253:31: 0x16fe665 in handleMutateLocked (daemon.zig)
        .add => try addTorrent(daemon, req.argument orelse return .{ .failure = .{ .code = .invalid_arguments, .message = "torrent file or magnet URI argument is required" } }),
                              ^
/home/justin/git/nix-torrent/src/daemon.zig:239:40: 0x16feb2a in handleWorkerCmd (daemon.zig)
    const response = handleMutateLocked(daemon, req) catch |err| protocol.Response{
                                       ^
/home/justin/git/nix-torrent/src/daemon.zig:199:28: 0x12efa29 in workerMain (daemon.zig)
            handleWorkerCmd(daemon, cmd);
                           ^
(additional stack frames may have been skipped...)

error(DebugAllocator): memory address 0x7f358dce0000 leaked: 
/home/justin/git/nix-torrent/src/daemon.zig:595:40: 0x16f890c in buildTrackerRecords (daemon.zig)
    const records = try allocator.alloc(state.TrackerRecord, urls.len);
                                       ^
/home/justin/git/nix-torrent/src/daemon.zig:497:52: 0x16f98ab in addMagnet (daemon.zig)
    const tracker_records = try buildTrackerRecords(daemon.allocator, parsed.tracker_urls);
                                                   ^
/home/justin/git/nix-torrent/src/daemon.zig:470:66: 0x16fb5da in addTorrent (daemon.zig)
    if (std.mem.startsWith(u8, path, "magnet:")) return addMagnet(daemon, path);
                                                                 ^
/home/justin/git/nix-torrent/src/daemon.zig:253:31: 0x16fe665 in handleMutateLocked (daemon.zig)
        .add => try addTorrent(daemon, req.argument orelse return .{ .failure = .{ .code = .invalid_arguments, .message = "torrent file or magnet URI argument is required" } }),
                              ^
/home/justin/git/nix-torrent/src/daemon.zig:239:40: 0x16feb2a in handleWorkerCmd (daemon.zig)
    const response = handleMutateLocked(daemon, req) catch |err| protocol.Response{
                                       ^
/home/justin/git/nix-torrent/src/daemon.zig:199:28: 0x12efa29 in workerMain (daemon.zig)
            handleWorkerCmd(daemon, cmd);
                           ^
(additional stack frames may have been skipped...)

